[fabulous-pegasus-7579b5.netlify.app/index.html]
[backblue.gif]
[fade.gif]
[index.html]
[uploads.quarkly.io/655ccff11d712a00232b9673/images/pwkb-blog-1024x576e9f8.jpg]
[uploads.quarkly.io/655ccff11d712a00232b9673/images/gettyimages-1403392120-1024x1024413d.jpg]
[fabulous-pegasus-7579b5.netlify.app/sitemap-index.xml]
[fabulous-pegasus-7579b5.netlify.app/webpack-runtime-0a4b8b3800500b72a537.js]
[fabulous-pegasus-7579b5.netlify.app/framework-4b37dfc14f34fafc9333.js]
[fabulous-pegasus-7579b5.netlify.app/app-0b640bd976c18f463698.js]
[fabulous-pegasus-7579b5.netlify.app/29107295-54a6937b505bb43f2888.js]
[fabulous-pegasus-7579b5.netlify.app/1bfc9850-b1618e8e64562e78b6c5.js]
[fabulous-pegasus-7579b5.netlify.app/252f366e-283d1217cb316bb1166c.js]
[fabulous-pegasus-7579b5.netlify.app/5e2a4920-adeb8bb07422c4294060.js]
[fabulous-pegasus-7579b5.netlify.app/545f34e4-007dcd44addd98c669af.js]
[fabulous-pegasus-7579b5.netlify.app/commons-fce74510459b013e315f.js]
[fabulous-pegasus-7579b5.netlify.app/33f35d011be7f60e35ffd6aece40e573709a40b5-58cb95a55b28f02136c8.js]
[fabulous-pegasus-7579b5.netlify.app/component---src-pages-index-js-abb04a049e694f3232c3.js]
[fabulous-pegasus-7579b5.netlify.app/page-data/index/page-data.json]
[fabulous-pegasus-7579b5.netlify.app/page-data/app-data.json]
[fabulous-pegasus-7579b5.netlify.app/404.html]
[fabulous-pegasus-7579b5.netlify.app/about-us/index.html]
[uploads.quarkly.io/612695d67f2b1f001fa06c1f/images/image61ccd.png]
[uploads.quarkly.io/612695d67f2b1f001fa06c1f/images/image5050c.png]
[uploads.quarkly.io/612695d67f2b1f001fa06c1f/images/image4279c.png]
[uploads.quarkly.io/612695d67f2b1f001fa06c1f/images/image-3e32e.png]
[fabulous-pegasus-7579b5.netlify.app/index.html]
[fabulous-pegasus-7579b5.netlify.app/component---src-pages-404-js-b0e67e7cc09fcfa92ddd.js]
[fabulous-pegasus-7579b5.netlify.app/page-data/404.html/page-data.json]
[fabulous-pegasus-7579b5.netlify.app/404.html]
[fabulous-pegasus-7579b5.netlify.app/404-2.html]
[fabulous-pegasus-7579b5.netlify.app/component---src-pages-about-us-js-ad40037b655bee62c6ce.js]
[fabulous-pegasus-7579b5.netlify.app/page-data/about-us/page-data.json]
[uploads.quarkly.io/655ccff11d712a00232b9673/images/114380987-accra-ghana-march-4-2012-unidentified-ghanaian-woman-carries-bananas-in-the-street-in-ghana-people8bef.jpg]
[uploads.quarkly.io/655ccff11d712a00232b9673/images/136160137-young-african-woman-selling-tomatoes-in-a-local-african-market-smiling914c.jpg]
[uploads.quarkly.io/643d8e6ebf72b300207d7233/images/2q0c4c.jpg]
[uploads.quarkly.io/643d8e6ebf72b300207d7233/images/15qa51d.jpg]
[uploads.quarkly.io/643d8e6ebf72b300207d7233/images/1q8480.jpg]
[uploads.quarkly.io/643d8e6ebf72b300207d7233/images/14q3265.jpg]
[uploads.quarkly.io/643d8e6ebf72b300207d7233/images/8q7ad1.jpg]
[uploads.quarkly.io/643d8e6ebf72b300207d7233/images/11qc984.jpg]
[uploads.quarkly.io/643d8e6ebf72b300207d7233/images/10qfbc4.jpg]
[uploads.quarkly.io/643d8e6ebf72b300207d7233/images/5q5036.jpg]
[fabulous-pegasus-7579b5.netlify.app/about-us/index.html]
[fabulous-pegasus-7579b5.netlify.app/404-2.html]
